// Jest Snapshot v1, https://goo.gl/fbAQLP

exports[`renders correctly 1`] = `
<button
  className="sc-dlfnbm fLGXYK"
  color="false"
  onClick={[Function]}
  type="button"
>
  name
</button>
`;
